// Jest Snapshot v1, https://goo.gl/fbAQLP

exports[`examples/babel .budfiles/bud/webpack.config.js 1`] = `undefined`;

exports[`examples/babel .budfiles/bud/webpack.config.js 2`] = `"production"`;

exports[`examples/babel .budfiles/bud/webpack.config.js 3`] = `
Object {
  "emitOnErrors": false,
  "minimize": false,
  "minimizer": Array [
    "...",
  ],
  "moduleIds": "deterministic",
  "splitChunks": false,
}
`;

exports[`examples/babel .budfiles/bud/webpack.config.js 4`] = `true`;

exports[`examples/babel .budfiles/bud/webpack.config.js 5`] = `"memory"`;

exports[`examples/babel app.css matches snapshot 1`] = `"p{font-weight:700}body,html{margin:0;padding:0}.app{align-items:center;background:#5813d5;color:#fff;display:flex;font-family:sans-serif;height:100vh;justify-content:center;letter-spacing:.2em;text-align:center;text-transform:uppercase;width:100vw}"`;

exports[`examples/babel app.js matches snapshot 1`] = `"!function(){var n={344:function(n,e,o){\\"use strict\\";o(755),document.querySelector(\\"body\\").innerHTML=\\"\\\\n  <div>\\\\n    <h1>Hello from babel!</h1>\\\\n  </div>\\\\n\\",(void 0).accept(console.error)},755:function(){[\\"fancy\\",\\"ecma\\"].map(console.log)},615:function(){},968:function(){}},e={};function o(r){var t=e[r];if(void 0!==t)return t.exports;var c=e[r]={exports:{}};return n[r](c,c.exports,o),c.exports}o.n=function(n){var e=n&&n.__esModule?function(){return n.default}:function(){return n};return o.d(e,{a:e}),e},o.d=function(n,e){for(var r in e)o.o(e,r)&&!o.o(n,r)&&Object.defineProperty(n,r,{enumerable:!0,get:e[r]})},o.o=function(n,e){return Object.prototype.hasOwnProperty.call(n,e)},o(344),o(755),o(615),o(968)}();"`;

exports[`examples/babel manifest.json 1`] = `
Object {
  "app.css": "app.css",
  "app.js": "app.js",
  "index.html": "index.html",
}
`;

exports[`examples/babel module map matches snapshot 1`] = `
Object {
  "byName": Object {
    "app": Any<Number>,
  },
  "bySource": Object {
    "0 app": Any<Number>,
  },
  "usedIds": Array [
    Any<Number>,
  ],
}
`;
