// Jest Snapshot v1, https://goo.gl/fbAQLP

exports[`examples/preset-recommend [app.css] is transpiled 1`] = `"h2 .class{margin-top:5rem}"`;
